Script started on 2020-02-20 18:10:09-0600
To run a command as administrator (user "root"), use "sudo <command>".
See "man sudo_root" for details.

]0;avega@DESKTOP-OFH3O58: ~/git/demo[01;32mavega@DESKTOP-OFH3O58[00m:[01;34m~/git/demo[00m$ git config --global user.email "you@example.com"git config --global useer.email "you@example.com"[K[K[K[K[K[K[K[K[K[K[K[K[K[K[K[K[K[K[K[K[K[K[K[K[K[K[A[C[C[C[C[C[C[C[C[C[C[C[C[C[C[C[C[C[C[C[C[C[C[C[C[C[C[C[C[C[C[C[C[C[C[C[C[C[C[C[C[C[C[C[C[C[C[C[C[C[C[C[C[C[C[C[C[C[C[C[C[C[C[C[C[C[C[C[C[C[C[C[C[C[C[C[C[C[C[C[C[C[C[C[C[C[C[C[C[C[C[C[C[C[C[C[C[C[C[C[C[C[C[C[K
[K[A[C[C[C[C[C[C[C[C[C[C[C[C[C[C[C[C[C[C[C[C[C[C[C[C[C[C[C[C[C[C[C[C[C[C[C[C[C[C[C[C[C[C[C[C[C[C[C[C[C[C[C[C[C[C[C[C[C[C[C[C[C[C[C[C[C[C[C[C[C[C[C[C[C[C[C[C[C[C[C[C[C[C[C[C[C[C[C[C[C[C[C[C[C[C[C[C[C[C[C[C[C[C[C[K[K[K[K[K[K[K[K[K[K[K[K[K[K[K[K[K[K[K[K[K[K[K[K[K[K[K[K[K[K[K[K[K[K[K[K[K[K[K[K[K[K[K[K[K[K[K[K[K[K[K[K[K[K[K[K[K[K[K[K[K[K[K[K[K[K[K[K[Kgit config --global user.email "you@example.com"[K[K[K[K[K"[1P"[1P"[1P"[1P"[1P"[1P"[1P"[1P"[1P"[1P"[1P"a"b"e"l"v"e"a"[1P"g"a"1"0"2"@"g","a"[1P"[1P"m"a"i"l"."c"[1P"c"o"m"
]0;avega@DESKTOP-OFH3O58: ~/git/demo[01;32mavega@DESKTOP-OFH3O58[00m:[01;34m~/git/demo[00m$ -g[K-g[K[K[Kgit config -[K--global uer.[K[K[Ke[Kser.email [K[K[K[K[K[Kname ""a"v"e"a"g"[1P"[1P"g"a"[1P"[1P"[1P"[1P"[1P"[C"[KA"V"e"g"a"A"r"t"e"a"g"a"
]0;avega@DESKTOP-OFH3O58: ~/git/demo[01;32mavega@DESKTOP-OFH3O58[00m:[01;34m~/git/demo[00m$ git config --global user.name "AVegaArteaga"email "abelvega102@gmail.com"[10Pname "AVegaArteaga"[C[C[C[C[C[C[C[C[C[C[C[C[C[C[C[C[C[C[C[C[C[C[C[C[C[C[C[C[C[C[C[C[C[C[Kgit config --global user.name "AVegaArteaga"email "abelvega102@gmail.com"[K[K[K[K[K[K[K[K[K[K[K[K[K[K[K[K[K[K[K[K[K[K[K[K[K[K[K[K[K[K[K[K[K[K[K[K[K[K[K[K[K[K[K[K[K[K[K[K[K[K[K[K[K[Kss[K[Kgit commit -a -m "Added Abel.txt"
On branch master
Your branch is up to date with 'origin/master'.

Untracked files:
	[31mAbel.txt[m
	[31mtypescript[m

nothing added to commit but untracked files present
]0;avega@DESKTOP-OFH3O58: ~/git/demo[01;32mavega@DESKTOP-OFH3O58[00m:[01;34m~/git/demo[00m$ gt [K[Kit add Av[Kbel.txt  [Kty[K[K[K
]0;avega@DESKTOP-OFH3O58: ~/git/demo[01;32mavega@DESKTOP-OFH3O58[00m:[01;34m~/git/demo[00m$ git commit -a -m "Added Abel.txt"
[master 22e5dc4] Added Abel.txt
 1 file changed, 2 insertions(+)
 create mode 100644 Abel.txt
]0;avega@DESKTOP-OFH3O58: ~/git/demo[01;32mavega@DESKTOP-OFH3O58[00m:[01;34m~/git/demo[00m$ git ps[Kush 
Username for 'https://github.com': AVee gaArteaga
Password for 'https://AVegaArteaga@github.com': 
remote: Invalid username or password.
fatal: Authentication failed for 'https://github.com/AVegaArteaga/Reposistroy.git/'
]0;avega@DESKTOP-OFH3O58: ~/git/demo[01;32mavega@DESKTOP-OFH3O58[00m:[01;34m~/git/demo[00m$ Im[K[Kgit push 
Username for 'https://github.com': Ave  VegaArteaga
Password for 'https://AVegaArteaga@github.com': 
remote: Invalid username or password.
fatal: Authentication failed for 'https://github.com/AVegaArteaga/Reposistroy.git/'
]0;avega@DESKTOP-OFH3O58: ~/git/demo[01;32mavega@DESKTOP-OFH3O58[00m:[01;34m~/git/demo[00m$ git push commit -a -m "Added Abel.txt"push [K
Username for 'https://github.com': AVegaArteaga
Password for 'https://AVegaArteaga@github.com': 
Counting objects: 3, done.
Delta compression using up to 8 threads.
Compressing objects:  50% (1/2)   Compressing objects: 100% (2/2)   Compressing objects: 100% (2/2), done.
Writing objects:  33% (1/3)   Writing objects:  66% (2/3)   Writing objects: 100% (3/3)   Writing objects: 100% (3/3), 317 bytes | 317.00 KiB/s, done.
Total 3 (delta 0), reused 0 (delta 0)
To https://github.com/AVegaArteaga/Reposistroy.git
   2280941..22e5dc4  master -> master
]0;avega@DESKTOP-OFH3O58: ~/git/demo[01;32mavega@DESKTOP-OFH3O58[00m:[01;34m~/git/demo[00m$ ls
Abel.txt  README.md  typescript
]0;avega@DESKTOP-OFH3O58: ~/git/demo[01;32mavega@DESKTOP-OFH3O58[00m:[01;34m~/git/demo[00m$ [K]0;avega@DESKTOP-OFH3O58: ~/git/demo[01;32mavega@DESKTOP-OFH3O58[00m:[01;34m~/git/demo[00m$ [K]0;avega@DESKTOP-OFH3O58: ~/git/demo[01;32mavega@DESKTOP-OFH3O58[00m:[01;34m~/git/demo[00m$ ls [K[K[Kcat typescript 
Script started on 2020-02-20 18:10:09-0600
To run a command as administrator (user "root"), use "sudo <command>".
See "man sudo_root" for details.

]0;avega@DESKTOP-OFH3O58: ~/git/demo[01;32mavega@DESKTOP-OFH3O58[00m:[01;34m~/git/demo[00m$ git config --global user.email "you@example.com"git config --global useer.email "you@example.com"[K[K[K[K[K[K[K[K[K[K[K[K[K[K[K[K[K[K[K[K[K[K[K[K[K[K[A[C[C[C[C[C[C[C[C[C[C[C[C[C[C[C[C[C[C[C[C[C[C[C[C[C[C[C[C[C[C[C[C[C[C[C[C[C[C[C[C[C[C[C[C[C[C[C[C[C[C[C[C[C[C[C[C[C[C[C[C[C[C[C[C[C[C[C[C[C[C[C[C[C[C[C[C[C[C[C[C[C[C[C[C[C[C[C[C[C[C[C[C[C[C[C[C[C[C[C[C[C[C[C[K
[K[A[C[C[C[C[C[C[C[C[C[C[C[C[C[C[C[C[C[C[C[C[C[C[C[C[C[C[C[C[C[C[C[C[C[C[C[C[C[C[C[C[C[C[C[C[C[C[C[C[C[C[C[C[C[C[C[C[C[C[C[C[C[C[C[C[C[C[C[C[C[C[C[C[C[C[C[C[C[C[C[C[C[C[C[C[C[C[C[C[C[C[C[C[C[C[C[C[C[C[C[C[C[C[C[K[K[K[K[K[K[K[K[K[K[K[K[K[K[K[K[K[K[K[K[K[K[K[K[K[K[K[K[K[K[K[K[K[K[K[K[K[K[K[K[K[K[K[K[K[K[K[K[K[K[K[K[K[K[K[K[K[K[K[K[K[K[K[K[K[K[K[K[Kgit config --global user.email "you@example.com"[K[K[K[K[K"[1P"[1P"[1P"[1P"[1P"[1P"[1P"[1P"[1P"[1P"[1P"a"b"e"l"v"e"a"[1P"g"a"1"0"2"@"g","a"[1P"[1P"m"a"i"l"."c"[1P"c"o"m"
]0;avega@DESKTOP-OFH3O58: ~/git/demo[01;32mavega@DESKTOP-OFH3O58[00m:[01;34m~/git/demo[00m$ -g[K-g[K[K[Kgit config -[K--global uer.[K[K[Ke[Kser.email [K[K[K[K[K[Kname ""a"v"e"a"g"[1P"[1P"g"a"[1P"[1P"[1P"[1P"[1P"[C"[KA"V"e"g"a"A"r"t"e"a"g"a"
]0;avega@DESKTOP-OFH3O58: ~/git/demo[01;32mavega@DESKTOP-OFH3O58[00m:[01;34m~/git/demo[00m$ git config --global user.name "AVegaArteaga"email "abelvega102@gmail.com"[10Pname "AVegaArteaga"[C[C[C[C[C[C[C[C[C[C[C[C[C[C[C[C[C[C[C[C[C[C[C[C[C[C[C[C[C[C[C[C[C[C[Kgit config --global user.name "AVegaArteaga"email "abelvega102@gmail.com"[K[K[K[K[K[K[K[K[K[K[K[K[K[K[K[K[K[K[K[K[K[K[K[K[K[K[K[K[K[K[K[K[K[K[K[K[K[K[K[K[K[K[K[K[K[K[K[K[K[K[K[K[K[Kss[K[Kgit commit -a -m "Added Abel.txt"
On branch master
Your branch is up to date with 'origin/master'.

Untracked files:
	[31mAbel.txt[m
	[31mtypescript[m

nothing added to commit but untracked files present
]0;avega@DESKTOP-OFH3O58: ~/git/demo[01;32mavega@DESKTOP-OFH3O58[00m:[01;34m~/git/demo[00m$ gt [K[Kit add Av[Kbel.txt  [Kty[K[K[K
]0;avega@DESKTOP-OFH3O58: ~/git/demo[01;32mavega@DESKTOP-OFH3O58[00m:[01;34m~/git/demo[00m$ git commit -a -m "Added Abel.txt"
[master 22e5dc4] Added Abel.txt
 1 file changed, 2 insertions(+)
 create mode 100644 Abel.txt
]0;avega@DESKTOP-OFH3O58: ~/git/demo[01;32mavega@DESKTOP-OFH3O58[00m:[01;34m~/git/demo[00m$ git ps[Kush 
Username for 'https://github.com': AVee gaArteaga
Password for 'https://AVegaArteaga@github.com': 
remote: Invalid username or password.
fatal: Authentication failed for 'https://github.com/AVegaArteaga/Reposistroy.git/'
]0;avega@DESKTOP-OFH3O58: ~/git/demo[01;32mavega@DESKTOP-OFH3O58[00m:[01;34m~/git/demo[00m$ Im[K[Kgit push 
Username for 'https://github.com': Ave  VegaArteaga
Password for 'https://AVegaArteaga@github.com': 
remote: Invalid username or password.
fatal: Authentication failed for 'https://github.com/AVegaArteaga/Reposistroy.git/'
]0;avega@DESKTOP-OFH3O58: ~/git/demo[01;32mavega@DESKTOP-OFH3O58[00m:[01;34m~/git/demo[00m$ git push commit -a -m "Added ]0;avega@DESKTOP-OFH3O58: ~/git/demo[01;32mavega@DESKTOP-OFH3O58[00m:[01;34m~/git/demo[00m$ cat typescript ls[K[K[Kls[Ks[K[Kls
Abel.txt  README.md  typescript
]0;avega@DESKTOP-OFH3O58: ~/git/demo[01;32mavega@DESKTOP-OFH3O58[00m:[01;34m~/git/demo[00m$ git add typescript 
]0;avega@DESKTOP-OFH3O58: ~/git/demo[01;32mavega@DESKTOP-OFH3O58[00m:[01;34m~/git/demo[00m$ git commit -a -m "Added typescript XD"
[master defc5c0] Added typescript XD
 1 file changed, 61 insertions(+)
 create mode 100644 typescript
]0;avega@DESKTOP-OFH3O58: ~/git/demo[01;32mavega@DESKTOP-OFH3O58[00m:[01;34m~/git/demo[00m$ pushd [K[K[K[K[K[Kgit pua[Ksh 
Counting objects: 3, done.
Delta compression using up to 8 threads.
Compressing objects:  33% (1/3)   Compressing objects:  66% (2/3)   Compressing objects: 100% (3/3)   Compressing objects: 100% (3/3), done.
Writing objects:  33% (1/3)   Writing objects:  66% (2/3)   Writing objects: 100% (3/3)   Writing objects: 100% (3/3), 1.42 KiB | 725.00 KiB/s, done.
Total 3 (delta 0), reused 0 (delta 0)
To https://github.com/AVegaArteaga/Reposistroy.git
   22e5dc4..defc5c0  master -> master
]0;avega@DESKTOP-OFH3O58: ~/git/demo[01;32mavega@DESKTOP-OFH3O58[00m:[01;34m~/git/demo[00m$ clear
[3J[H[2J]0;avega@DESKTOP-OFH3O58: ~/git/demo[01;32mavega@DESKTOP-OFH3O58[00m:[01;34m~/git/demo[00m$ ls
Abel.txt  README.md  typescript
]0;avega@DESKTOP-OFH3O58: ~/git/demo[01;32mavega@DESKTOP-OFH3O58[00m:[01;34m~/git/demo[00m$ cd Abe[K[K[K[K[K[Knano Abel.txt 
[?1049h[22;0;0t[1;49r(B[m[4l[?7h[39;49m[?1h=[?1h=[?1h=[?25l[39;49m(B[m[H[2J[47;45H(B[0;7m[ Reading File ](B[m[47;51H(B[0;7m 2 lines ](B[m[H(B[0;7m  GNU nano 2.9.3                                   Abel.txt                                             [1;103H(B[m[48d(B[0;7m^G(B[m Get Help   (B[0;7m^O(B[m Write Out  (B[0;7m^W(B[m Where Is   (B[0;7m^K(B[m Cut Text   (B[0;7m^J(B[m Justify    (B[0;7m^C(B[m Cur Pos    (B[0;7mM-U(B[m Undo[49d(B[0;7m^X(B[m Exit[15G(B[0;7m^R(B[m Read File  (B[0;7m^\(B[m Replace    (B[0;7m^U(B[m Uncut Text (B[0;7m^T(B[m To Spell   (B[0;7m^_(B[m Go To Line (B[0;7mM-E(B[m Redo[47d[3d[39;49m(B[mHi, wanna kiss? Just kidding, Unless....[?12l[?25h[?25lH[?12l[?25h[?25li[?12l[?25h[?25l,[?12l[?25h[?25l [?12l[?25h[?25lw[?12l[?25h[?25la[?12l[?25h[?25ln[?12l[?25h[?25ln[?12l[?25h[?25la[?12l[?25h[?25l [?12l[?25h[?25lk[?12l[?25h[?25li[?12l[?25h[?25ls[?12l[?25h[?25ls[?12l[?25h[?25l?[?12l[?25h[?25l [?12l[?25h[?25lJ[?12l[?25h[?25lu[?12l[?25h[?25ls[?12l[?25h[?25lt[?12l[?25h[?25l [?12l[?25h[?25lk[?12l[?25h[?25li[?12l[?25h[?25ld[?12l[?25h[?25ld[?12l[?25h[?25l[47d[K[3;27H[?12l[?25h[?25ln[?12l[?25h[?25lg[?12l[?25h[?25l,[?12l[?25h[?25l [?12l[?25h[?25lU[?12l[?25h[?25ln[?12l[?25h[?25ll[?12l[?25h[?25le[?12l[?25h[?25ls[?12l[?25h[?25ls[?12l[?25h[?25l.[?12l[?25h[?25l.[?12l[?25h[?25l.[?12l[?25h[?25l.[?12l[?25h[?25l[4d[?12l[?25h[?25l[5d[?12l[?25h[?25l[?12l[?25h[?25l[A[?12l[?25h[?25l[1;95H(B[0;7mModified(B[m[4d😳[?12l[?25h[?25l😳[?12l[?25h[?25l😳[?12l[?25h[?25l[A[?12l[?25h[?25l[48;15H            (B[0;7mM-D(B[m DOS Format            (B[0;7mM-A(B[m Append[16X[48;79H(B[0;7mM-B(B[m Backup File[49;2H(B[0;7mC(B[m Cancel[17X[49;27H(B[0;7mM-M(B[m Mac Format            (B[0;7mM-P(B[m Prepend[15X[49;79H(B[0;7m^T(B[m To Files[K[47d(B[0;7mFile Name to Write: Abel.txt                                                                            [47;1H(B[m[47;29H[?12l[?25h[?25l[K[1;103H[1;95H(B[0;7m        (B[m[47;44H(B[0;7m[ Wrote 2 lines ](B[m[48;15H(B[0;7m^O(B[m Write Out  (B[0;7m^W(B[m Where Is   (B[0;7m^K(B[m Cut Text   (B[0;7m^J(B[m Justify    (B[0;7m^C(B[m Cur Pos    (B[0;7mM-U(B[m Undo[K[49;2H(B[0;7mX(B[m Exit       (B[0;7m^R(B[m Read File  (B[0;7m^\(B[m Replace    (B[0;7m^U(B[m Uncut Text (B[0;7m^T(B[m To Spell   (B[0;7m^_(B[m Go To Line (B[0;7mM-E(B[m Redo[47d[3;7H[?12l[?25h[?25l[48;15H            (B[0;7mM-D(B[m DOS Format            (B[0;7mM-A(B[m Append[16X[48;79H(B[0;7mM-B(B[m Backup File[49;2H(B[0;7mC(B[m Cancel[17X[49;27H(B[0;7mM-M(B[m Mac Format            (B[0;7mM-P(B[m Prepend[15X[49;79H(B[0;7m^T(B[m To Files[K[47d(B[0;7mFile Name to Write: Abel.txt                                                                            [47;1H(B[m[47;29H[?12l[?25h[?25l[K[1;103H[47;44H(B[0;7m[ Wrote 2 lines ](B[m[48;15H(B[0;7m^O(B[m Write Out  (B[0;7m^W(B[m Where Is   (B[0;7m^K(B[m Cut Text   (B[0;7m^J(B[m Justify    (B[0;7m^C(B[m Cur Pos    (B[0;7mM-U(B[m Undo[K[49;2H(B[0;7mX(B[m Exit       (B[0;7m^R(B[m Read File  (B[0;7m^\(B[m Replace    (B[0;7m^U(B[m Uncut Text (B[0;7m^T(B[m To Spell   (B[0;7m^_(B[m Go To Line (B[0;7mM-E(B[m Redo[47d[3;7H[?12l[?25h[?25l[47d[J[49;104H[?12l[?25h[49;1H[?1049l[23;0;0t[?1l>]0;avega@DESKTOP-OFH3O58: ~/git/demo[01;32mavega@DESKTOP-OFH3O58[00m:[01;34m~/git/demo[00m$ ls
Abel.txt  README.md  typescript
]0;avega@DESKTOP-OFH3O58: ~/git/demo[01;32mavega@DESKTOP-OFH3O58[00m:[01;34m~/git/demo[00m$ pull 
.git/       Abel.txt    README.md   typescript  
]0;avega@DESKTOP-OFH3O58: ~/git/demo[01;32mavega@DESKTOP-OFH3O58[00m:[01;34m~/git/demo[00m$ pull [K[K[K[K[Kgit pull origin 
HEAD     master   
]0;avega@DESKTOP-OFH3O58: ~/git/demo[01;32mavega@DESKTOP-OFH3O58[00m:[01;34m~/git/demo[00m$ git pull origin [K[K[K[K[K[K[K[K [K
Already up to date.
]0;avega@DESKTOP-OFH3O58: ~/git/demo[01;32mavega@DESKTOP-OFH3O58[00m:[01;34m~/git/demo[00m$ git pull
Already up to date.
]0;avega@DESKTOP-OFH3O58: ~/git/demo[01;32mavega@DESKTOP-OFH3O58[00m:[01;34m~/git/demo[00m$ ls
Abel.txt  README.md  typescript
]0;avega@DESKTOP-OFH3O58: ~/git/demo[01;32mavega@DESKTOP-OFH3O58[00m:[01;34m~/git/demo[00m$ lsgit pull[K[K[K[K[K[K[K[Kcd[K[Knano Abel.txt 
[?1049h[22;0;0t[1;49r(B[m[4l[?7h[39;49m[?1h=[?1h=[?1h=[?25l[39;49m(B[m[H[2J[47;45H(B[0;7m[ Reading File ](B[m[47;51H(B[0;7m 2 lines ](B[m[H(B[0;7m  GNU nano 2.9.3                                   Abel.txt                                             [1;103H(B[m[48d(B[0;7m^G(B[m Get Help   (B[0;7m^O(B[m Write Out  (B[0;7m^W(B[m Where Is   (B[0;7m^K(B[m Cut Text   (B[0;7m^J(B[m Justify    (B[0;7m^C(B[m Cur Pos    (B[0;7mM-U(B[m Undo[49d(B[0;7m^X(B[m Exit[15G(B[0;7m^R(B[m Read File  (B[0;7m^\(B[m Replace    (B[0;7m^U(B[m Uncut Text (B[0;7m^T(B[m To Spell   (B[0;7m^_(B[m Go To Line (B[0;7mM-E(B[m Redo[47d[3d[39;49m(B[mHi, wanna kiss? Just kidding, Unless....[4d😳😳😳[A[?12l[?25h[?25l[4d[?12l[?25h[?25l[5d[?12l[?25h[?25l[1;95H(B[0;7mModified(B[m[5d🤔[?12l[?25h[?25l[48;15H            (B[0;7mM-D(B[m DOS Format            (B[0;7mM-A(B[m Append[16X[48;79H(B[0;7mM-B(B[m Backup File[49;2H(B[0;7mC(B[m Cancel[17X[49;27H(B[0;7mM-M(B[m Mac Format            (B[0;7mM-P(B[m Prepend[15X[49;79H(B[0;7m^T(B[m To Files[K[47d(B[0;7mFile Name to Write: Abel.txt                                                                            [47;1H(B[m[47;29H[?12l[?25h[?25l[K[1;103H[1;95H(B[0;7m        (B[m[47;44H(B[0;7m[ Wrote 3 lines ](B[m[48;15H(B[0;7m^O(B[m Write Out  (B[0;7m^W(B[m Where Is   (B[0;7m^K(B[m Cut Text   (B[0;7m^J(B[m Justify    (B[0;7m^C(B[m Cur Pos    (B[0;7mM-U(B[m Undo[K[49;2H(B[0;7mX(B[m Exit       (B[0;7m^R(B[m Read File  (B[0;7m^\(B[m Replace    (B[0;7m^U(B[m Uncut Text (B[0;7m^T(B[m To Spell   (B[0;7m^_(B[m Go To Line (B[0;7mM-E(B[m Redo[47d[5;3H[?12l[?25h[?25l[47d[J[49;104H[?12l[?25h[49;1H[?1049l[23;0;0t[?1l>]0;avega@DESKTOP-OFH3O58: ~/git/demo[01;32mavega@DESKTOP-OFH3O58[00m:[01;34m~/git/demo[00m$ nano Abel.txt [K[K[K[K[K[K[K[K[K[K[K[K[K[Kcat ABe[K[Kbel.txt 
Hi, wanna kiss? Just kidding, Unless....
😳😳😳
🤔
]0;avega@DESKTOP-OFH3O58: ~/git/demo[01;32mavega@DESKTOP-OFH3O58[00m:[01;34m~/git/demo[00m$ cat Abel.txt [1@nano[C[C[C[C[C[C[C[C[C[Cls[Kgit pullls[Kgit pull
remote: Enumerating objects: 4, done.[K
remote: Counting objects:  25% (1/4)[Kremote: Counting objects:  50% (2/4)[Kremote: Counting objects:  75% (3/4)[Kremote: Counting objects: 100% (4/4)[Kremote: Counting objects: 100% (4/4), done.[K
remote: Compressing objects:  33% (1/3)[Kremote: Compressing objects:  66% (2/3)[Kremote: Compressing objects: 100% (3/3)[Kremote: Compressing objects: 100% (3/3), done.[K
remote: Total 3 (delta 0), reused 3 (delta 0), pack-reused 0[K
Unpacking objects:  33% (1/3)   Unpacking objects:  66% (2/3)   Unpacking objects: 100% (3/3)   Unpacking objects: 100% (3/3), done.
From https://github.com/AVegaArteaga/Reposistroy
   defc5c0..79f5e3c  master     -> origin/master
Updating defc5c0..79f5e3c
Fast-forward
 Johnny.txt | 3 [32m+++[m
 1 file changed, 3 insertions(+)
 create mode 100644 Johnny.txt
]0;avega@DESKTOP-OFH3O58: ~/git/demo[01;32mavega@DESKTOP-OFH3O58[00m:[01;34m~/git/demo[00m$ ls
Abel.txt  Johnny.txt  README.md  typescript
]0;avega@DESKTOP-OFH3O58: ~/git/demo[01;32mavega@DESKTOP-OFH3O58[00m:[01;34m~/git/demo[00m$ nan[K[K[Kcat Johnny.txt 
Hello Abel, My name is Johnny boy.

I will kiss you. no homo.
]0;avega@DESKTOP-OFH3O58: ~/git/demo[01;32mavega@DESKTOP-OFH3O58[00m:[01;34m~/git/demo[00m$ n[Kca[K[Kann[K[K[Knano Johnny.txt 
[?1049h[22;0;0t[1;49r(B[m[4l[?7h[39;49m[?1h=[?1h=[?1h=[?25l[39;49m(B[m[H[2J[47;45H(B[0;7m[ Reading File ](B[m[47;51H(B[0;7m 3 lines ](B[m[H(B[0;7m  GNU nano 2.9.3                                  Johnny.txt                                            [1;103H(B[m[48d(B[0;7m^G(B[m Get Help   (B[0;7m^O(B[m Write Out  (B[0;7m^W(B[m Where Is   (B[0;7m^K(B[m Cut Text   (B[0;7m^J(B[m Justify    (B[0;7m^C(B[m Cur Pos    (B[0;7mM-U(B[m Undo[49d(B[0;7m^X(B[m Exit[15G(B[0;7m^R(B[m Read File  (B[0;7m^\(B[m Replace    (B[0;7m^U(B[m Uncut Text (B[0;7m^T(B[m To Spell   (B[0;7m^_(B[m Go To Line (B[0;7mM-E(B[m Redo[47d[3d[39;49m(B[mHello Abel, My name is Johnny boy.[5dI will kiss you. no homo.[3d[?12l[?25h[?25l[4d[?12l[?25h[?25l[5d[?12l[?25h[?25l[6d[?12l[?25h[?25l[1;95H(B[0;7mModified(B[m[7d[?12l[?25h[?25lM[?12l[?25h[?25le[?12l[?25h[?25l [?12l[?25h[?25lt[?12l[?25h[?25lo[?12l[?25h[?25lo[?12l[?25h[?25l [?12l[?25h[?25lX[?12l[?25h[?25lD[?12l[?25h[?25